============================= test session starts =============================
platform win32 -- Python 3.14.0a7, pytest-9.0.2, pluggy-1.6.0
rootdir: c:\專案\賽博琴仙
configfile: pyproject.toml
collected 524 items

tests\test_auto_tune.py ................                                 [  3%]
tests\test_beat_sequence.py ............................................ [ 11%]
.......................................................                  [ 21%]
tests\test_beat_sequence_gaps.py .......................                 [ 26%]
tests\test_coverage_gaps.py ...........                                  [ 28%]
tests\test_editor_ux.py 
